ASxxxx Linker V03.00 + NoICE + sdld,  page 1.
Hexadecimal  [32-Bits]

Area                                    Addr        Size        Decimal Bytes (Attributes)
--------------------------------        ----        ----        ------- ----- ------------
CABS                                00000000    00000000 =           0. bytes (ABS,CON,CODE)

      Value  Global                              Global Defined In Module
      -----  --------------------------------   ------------------------
C:   00000000  l_BIT_BANK                      
C:   00000000  l_BSEG                          
C:   00000000  l_BSEG_BYTES                    
C:   00000000  l_CABS                          
C:   00000000  l_CONST                         
C:   00000000  l_GSINIT                        
C:   00000000  l_GSINIT1                       
C:   00000000  l_GSINIT5                       
C:   00000000  l_IABS                          
C:   00000000  l_ISEG                          
C:   00000000  l_OSEG                          
C:   00000000  l_PSEG                          
C:   00000000  l_REG_BANK_1                    
C:   00000000  l_REG_BANK_2                    
C:   00000000  l_REG_BANK_3                    
C:   00000000  l_RSEG                          
C:   00000000  l_RSEG0                         
C:   00000000  l_RSEG1                         
C:   00000000  l_XABS                          
C:   00000000  l_XINIT                         
C:   00000000  l_XISEG                         
C:   00000000  l_XSEG                          
C:   00000000  l__CODE                         
C:   00000000  s_BSEG                          
C:   00000000  s_CABS                          
C:   00000000  s_DSEG                          
C:   00000000  s_HOME                          
C:   00000000  s_IABS                          
C:   00000000  s_ISEG                          
C:   00000000  s_REG_BANK_0                    
C:   00000000  s_RSEG                          
C:   00000000  s_RSEG0                         
C:   00000000  s_RSEG1                         
C:   00000000  s_XABS                          
C:   00000001  s_PSEG                          
C:   00000001  s_XISEG                         
C:   00000001  s_XSEG                          
C:   00000003  l_GSFINAL                       
C:   00000003  l_GSINIT0                       
C:   00000008  l_REG_BANK_0                    
C:   00000008  s_REG_BANK_1                    
C:   00000008  s_SSEG                          
C:   0000000A  l_GSINIT2                       
C:   00000010  s_REG_BANK_2                    
C:   00000011  l_HOME                          
C:   00000011  s_GSINIT0                       
C:   00000014  s_GSINIT1                       
C:   00000014  s_GSINIT2                       
C:   00000018  s_BIT_BANK                      
C:   00000018  s_OSEG                          
ASxxxx Linker V03.00 + NoICE + sdld,  page 2.
Hexadecimal  [32-Bits]

Area                                    Addr        Size        Decimal Bytes (Attributes)
--------------------------------        ----        ----        ------- ----- ------------
CABS                                00000000    00000000 =           0. bytes (ABS,CON,CODE)

      Value  Global                              Global Defined In Module
      -----  --------------------------------   ------------------------
C:   00000018  s_REG_BANK_3                    
C:   0000001E  s_GSINIT3                       
C:   00000020  s_BSEG_BYTES                    
C:   00000020  s__CODE                         
C:   00000022  l_GSINIT3                       
C:   0000002A  l_GSINIT4                       
C:   00000040  s_GSINIT4                       
C:   0000006A  s_GSFINAL                       
C:   0000006A  s_GSINIT                        
C:   0000006A  s_GSINIT5                       
C:   0000006D  s_CSEG                          
C:   00000080  l_DSEG                          
C:   00000098  l_CSEG                          
C:   000000F8  l_SSEG                          
C:   00000100  l_IRAM                          
C:   00000105  s_CONST                         
C:   00000105  s_XINIT                         

ASxxxx Linker V03.00 + NoICE + sdld,  page 3.
Hexadecimal  [32-Bits]

Area                                    Addr        Size        Decimal Bytes (Attributes)
--------------------------------        ----        ----        ------- ----- ------------
.  .ABS.                            00000000    00000000 =           0. bytes (ABS,CON)

      Value  Global                              Global Defined In Module
      -----  --------------------------------   ------------------------
     00000000  .__.ABS.                           _startup
     00000080  _P0                                spi
     00000080  _P00                               spi
     00000081  _P01                               spi
     00000081  _SP                                spi
     00000082  _DPL                               spi
     00000082  _P02                               spi
     00000083  _DPH                               spi
     00000083  _P03                               spi
     00000084  _P04                               spi
     00000084  _S4CON                             spi
     00000085  _P05                               spi
     00000085  _S4BUF                             spi
     00000086  _P06                               spi
     00000087  _P07                               spi
     00000087  _PCON                              spi
     00000088  _IT0                               spi
     00000088  _TCON                              spi
     00000089  _IE0                               spi
     00000089  _TMOD                              spi
     0000008A  _IT1                               spi
     0000008A  _TL0                               spi
     0000008B  _IE1                               spi
     0000008B  _TL1                               spi
     0000008C  _TH0                               spi
     0000008C  _TR0                               spi
     0000008D  _TF0                               spi
     0000008D  _TH1                               spi
     0000008E  _AUXR                              spi
     0000008E  _TR1                               spi
     0000008F  _INTCLKO                           spi
     0000008F  _TF1                               spi
     00000090  _P1                                spi
     00000090  _P10                               spi
     00000091  _P11                               spi
     00000091  _P1M1                              spi
     00000092  _P12                               spi
     00000092  _P1M0                              spi
     00000093  _P0M1                              spi
     00000093  _P13                               spi
     00000094  _P0M0                              spi
     00000094  _P14                               spi
     00000095  _P15                               spi
     00000095  _P2M1                              spi
     00000096  _P16                               spi
     00000096  _P2M0                              spi
     00000097  _P17                               spi
     00000098  _RI                                spi
     00000098  _SCON                              spi
     00000099  _SBUF                              spi
ASxxxx Linker V03.00 + NoICE + sdld,  page 4.
Hexadecimal  [32-Bits]

Area                                    Addr        Size        Decimal Bytes (Attributes)
--------------------------------        ----        ----        ------- ----- ------------
.  .ABS.                            00000000    00000000 =           0. bytes (ABS,CON)

      Value  Global                              Global Defined In Module
      -----  --------------------------------   ------------------------
     00000099  _TI                                spi
     0000009A  _RB8                               spi
     0000009A  _S2CON                             spi
     0000009B  _S2BUF                             spi
     0000009B  _TB8                               spi
     0000009C  _REN                               spi
     0000009D  _IRCBAND                           spi
     0000009D  _SM2                               spi
     0000009E  _LIRTRIM                           spi
     0000009E  _SM1                               spi
     0000009F  _IRTRIM                            spi
     0000009F  _SM0                               spi
     000000A0  _P2                                spi
     000000A0  _P20                               spi
     000000A0  __XPAGE                            
     000000A1  _P21                               spi
     000000A2  _P22                               spi
     000000A2  _P_SW1                             spi
     000000A3  _P23                               spi
     000000A4  _P24                               spi
     000000A5  _P25                               spi
     000000A6  _P26                               spi
     000000A7  _P27                               spi
     000000A8  _EX0                               spi
     000000A8  _IE                                spi
     000000A9  _ET0                               spi
     000000A9  _SADDR                             spi
     000000AA  _EX1                               spi
     000000AA  _WKTCL                             spi
     000000AB  _ET1                               spi
     000000AB  _WKTCH                             spi
     000000AC  _ES                                spi
     000000AC  _S3CON                             spi
     000000AD  _EADC                              spi
     000000AD  _S3BUF                             spi
     000000AE  _ELVD                              spi
     000000AE  _TA                                spi
     000000AF  _EA                                spi
     000000AF  _IE2                               spi
     000000B0  _P3                                spi
     000000B0  _P30                               spi
     000000B1  _P31                               spi
     000000B1  _P3M1                              spi
     000000B2  _P32                               spi
     000000B2  _P3M0                              spi
     000000B3  _P33                               spi
     000000B3  _P4M1                              spi
     000000B4  _P34                               spi
     000000B4  _P4M0                              spi
     000000B5  _IP2                               spi
     000000B5  _P35                               spi
ASxxxx Linker V03.00 + NoICE + sdld,  page 5.
Hexadecimal  [32-Bits]

Area                                    Addr        Size        Decimal Bytes (Attributes)
--------------------------------        ----        ----        ------- ----- ------------
.  .ABS.                            00000000    00000000 =           0. bytes (ABS,CON)

      Value  Global                              Global Defined In Module
      -----  --------------------------------   ------------------------
     000000B6  _IP2H                              spi
     000000B6  _P36                               spi
     000000B7  _IPH                               spi
     000000B7  _P37                               spi
     000000B8  _IP                                spi
     000000B8  _PX0                               spi
     000000B9  _PT0                               spi
     000000B9  _SADEN                             spi
     000000BA  _PX1                               spi
     000000BA  _P_SW2                             spi
     000000BB  _PT1                               spi
     000000BC  _ADC_CONTR                         spi
     000000BC  _PS                                spi
     000000BD  _ADC_RES                           spi
     000000BD  _PADC                              spi
     000000BE  _ADC_RESL                          spi
     000000BE  _PLVD                              spi
     000000BF  _PPCA                              spi
     000000C0  _P4                                spi
     000000C0  _P40                               spi
     000000C1  _P41                               spi
     000000C1  _WDT_CONTR                         spi
     000000C2  _IAP_DATA                          spi
     000000C2  _P42                               spi
     000000C3  _IAP_ADDRH                         spi
     000000C3  _P43                               spi
     000000C4  _IAP_ADDRL                         spi
     000000C4  _P44                               spi
     000000C5  _IAP_CMD                           spi
     000000C5  _P45                               spi
     000000C6  _IAP_TRIG                          spi
     000000C6  _P46                               spi
     000000C7  _IAP_CONTR                         spi
     000000C7  _P47                               spi
     000000C8  _P5                                spi
     000000C8  _P50                               spi
     000000C9  _P51                               spi
     000000C9  _P5M1                              spi
     000000CA  _P52                               spi
     000000CA  _P5M0                              spi
     000000CB  _P53                               spi
     000000CB  _P6M1                              spi
     000000CC  _P54                               spi
     000000CC  _P6M0                              spi
     000000CD  _P55                               spi
     000000CD  _SPSTAT                            spi
     000000CE  _P56                               spi
     000000CE  _SPCTL                             spi
     000000CF  _P57                               spi
     000000CF  _SPDAT                             spi
     000000D0  _P                                 spi
ASxxxx Linker V03.00 + NoICE + sdld,  page 6.
Hexadecimal  [32-Bits]

Area                                    Addr        Size        Decimal Bytes (Attributes)
--------------------------------        ----        ----        ------- ----- ------------
.  .ABS.                            00000000    00000000 =           0. bytes (ABS,CON)

      Value  Global                              Global Defined In Module
      -----  --------------------------------   ------------------------
     000000D0  _PSW                               spi
     000000D1  _F1                                spi
     000000D1  _T4T3M                             spi
     000000D2  _OV                                spi
     000000D2  _T4H                               spi
     000000D3  _RS0                               spi
     000000D3  _T4L                               spi
     000000D4  _RS1                               spi
     000000D4  _T3H                               spi
     000000D5  _F0                                spi
     000000D5  _T3L                               spi
     000000D6  _AC                                spi
     000000D6  _T2H                               spi
     000000D7  _CY                                spi
     000000D7  _T2L                               spi
     000000DC  _USBCLK                            spi
     000000DE  _ADCCFG                            spi
     000000DF  _IP3                               spi
     000000E0  _ACC                               spi
     000000E1  _P7M1                              spi
     000000E2  _P7M0                              spi
     000000E3  _DPS                               spi
     000000E4  _DPL1                              spi
     000000E5  _DPH1                              spi
     000000E6  _CMPCR1                            spi
     000000E7  _CMPCR2                            spi
     000000E8  _P6                                spi
     000000E8  _P60                               spi
     000000E9  _P61                               spi
     000000EA  _P62                               spi
     000000EB  _P63                               spi
     000000EC  _P64                               spi
     000000EC  _USBDAT                            spi
     000000ED  _P65                               spi
     000000EE  _IP3H                              spi
     000000EE  _P66                               spi
     000000EF  _AUXINTIF                          spi
     000000EF  _P67                               spi
     000000F0  _B                                 spi
     000000F4  _USBCON                            spi
     000000F5  _IAP_TPS                           spi
     000000F8  _P7                                spi
     000000F8  _P70                               spi
     000000F9  _P71                               spi
     000000FA  _P72                               spi
     000000FB  _P73                               spi
     000000FC  _P74                               spi
     000000FC  _USBADR                            spi
     000000FD  _P75                               spi
     000000FE  _P76                               spi
     000000FF  _P77                               spi
ASxxxx Linker V03.00 + NoICE + sdld,  page 7.
Hexadecimal  [32-Bits]

Area                                    Addr        Size        Decimal Bytes (Attributes)
--------------------------------        ----        ----        ------- ----- ------------
.  .ABS.                            00000000    00000000 =           0. bytes (ABS,CON)

      Value  Global                              Global Defined In Module
      -----  --------------------------------   ------------------------
     000000FF  _RSTCFG                            spi
ASxxxx Linker V03.00 + NoICE + sdld,  page 8.
Hexadecimal  [32-Bits]

Area                                    Addr        Size        Decimal Bytes (Attributes)
--------------------------------        ----        ----        ------- ----- ------------
REG_BANK_0                          00000000    00000008 =           8. bytes (REL,OVR)

      Value  Global                              Global Defined In Module
      -----  --------------------------------   ------------------------
ASxxxx Linker V03.00 + NoICE + sdld,  page 9.
Hexadecimal  [32-Bits]

Area                                    Addr        Size        Decimal Bytes (Attributes)
--------------------------------        ----        ----        ------- ----- ------------
DSEG                                00000000    00000080 =         128. bytes (REL,CON)

      Value  Global                              Global Defined In Module
      -----  --------------------------------   ------------------------
ASxxxx Linker V03.00 + NoICE + sdld,  page 10.
Hexadecimal  [32-Bits]

Area                                    Addr        Size        Decimal Bytes (Attributes)
--------------------------------        ----        ----        ------- ----- ------------
SSEG                                00000008    000000F8 =         248. bytes (REL,OVR)

      Value  Global                              Global Defined In Module
      -----  --------------------------------   ------------------------
     00000008  __start__stack                     main

ASxxxx Linker V03.00 + NoICE + sdld,  page 11.
Hexadecimal  [32-Bits]

Area                                    Addr        Size        Decimal Bytes (Attributes)
--------------------------------        ----        ----        ------- ----- ------------
HOME                                00000000    00000011 =          17. bytes (REL,CON,CODE)

      Value  Global                              Global Defined In Module
      -----  --------------------------------   ------------------------
C:   0000000E  __sdcc_program_startup             main

ASxxxx Linker V03.00 + NoICE + sdld,  page 12.
Hexadecimal  [32-Bits]

Area                                    Addr        Size        Decimal Bytes (Attributes)
--------------------------------        ----        ----        ------- ----- ------------
GSINIT0                             00000011    00000003 =           3. bytes (REL,CON,CODE)

      Value  Global                              Global Defined In Module
      -----  --------------------------------   ------------------------
C:   00000011  __sdcc_gsinit_startup              

ASxxxx Linker V03.00 + NoICE + sdld,  page 13.
Hexadecimal  [32-Bits]

Area                                    Addr        Size        Decimal Bytes (Attributes)
--------------------------------        ----        ----        ------- ----- ------------
GSINIT2                             00000014    0000000A =          10. bytes (REL,CON,CODE)

      Value  Global                              Global Defined In Module
      -----  --------------------------------   ------------------------
ASxxxx Linker V03.00 + NoICE + sdld,  page 14.
Hexadecimal  [32-Bits]

Area                                    Addr        Size        Decimal Bytes (Attributes)
--------------------------------        ----        ----        ------- ----- ------------
GSINIT3                             0000001E    00000022 =          34. bytes (REL,CON,CODE)

      Value  Global                              Global Defined In Module
      -----  --------------------------------   ------------------------
C:   0000001E  __mcs51_genXINIT                   

ASxxxx Linker V03.00 + NoICE + sdld,  page 15.
Hexadecimal  [32-Bits]

Area                                    Addr        Size        Decimal Bytes (Attributes)
--------------------------------        ----        ----        ------- ----- ------------
GSINIT4                             00000040    0000002A =          42. bytes (REL,CON,CODE)

      Value  Global                              Global Defined In Module
      -----  --------------------------------   ------------------------
C:   00000040  __mcs51_genRAMCLEAR                
C:   00000046  __mcs51_genXRAMCLEAR               

ASxxxx Linker V03.00 + NoICE + sdld,  page 16.
Hexadecimal  [32-Bits]

Area                                    Addr        Size        Decimal Bytes (Attributes)
--------------------------------        ----        ----        ------- ----- ------------
GSFINAL                             0000006A    00000003 =           3. bytes (REL,CON,CODE)

      Value  Global                              Global Defined In Module
      -----  --------------------------------   ------------------------
ASxxxx Linker V03.00 + NoICE + sdld,  page 17.
Hexadecimal  [32-Bits]

Area                                    Addr        Size        Decimal Bytes (Attributes)
--------------------------------        ----        ----        ------- ----- ------------
CSEG                                0000006D    00000098 =         152. bytes (REL,CON,CODE)

      Value  Global                              Global Defined In Module
      -----  --------------------------------   ------------------------
C:   0000006D  _Delaynms                          delay
C:   0000009D  _Delay1ms                          delay
C:   000000A8  _main                              main
C:   000000C2  _clock_Init                        main
C:   000000CD  _TM0_Init                          main
C:   000000E0  _TM0_ISR                           stc8h_it
C:   000000E3  _SPI_Config                        spi
C:   000000F2  _SPI_WriteByte                     spi
C:   00000101  __sdcc_external_startup            _startup
ASxxxx Linker V03.00 + NoICE + sdld,  page 18.

Files Linked                              [ module(s) ]

build/delay.rel                           [  ]
build/main.rel                            [  ]
build/stc8h_it.rel                        [  ]
build/spi.rel                             [  ]


Libraries Linked                          [ object file ]

D:\APPData\SDCC\bin\..\lib\small/mcs51.lib
                                          [ crtclear.rel ]
D:\APPData\SDCC\bin\..\lib\small/mcs51.lib
                                          [ crtxinit.rel ]
D:\APPData\SDCC\bin\..\lib\small/mcs51.lib
                                          [ crtxclear.rel ]
D:\APPData\SDCC\bin\..\lib\small/mcs51.lib
                                          [ crtpagesfr.rel ]
D:\APPData\SDCC\bin\..\lib\small/mcs51.lib
                                          [ crtstart.rel ]
D:\APPData\SDCC\bin\..\lib\small/libsdcc.lib
                                          [ _startup.rel ]

ASxxxx Linker V03.00 + NoICE + sdld,  page 19.

User Base Address Definitions

HOME = 0x0000
XSEG = 0x0001
PSEG = 0x0001
ISEG = 0x0000
BSEG = 0x0000

